// Jest Snapshot v1, https://goo.gl/fbAQLP

exports[`renders with description 1`] = `
<div>
  <p
    class="MuiFormHelperText-root css-1d1r5q-MuiFormHelperText-root"
  >
    description
  </p>
</div>
`;
