// Jest Snapshot v1, https://goo.gl/fbAQLP

exports[`renders consistently 1`] = `
<div>
  <div
    class="MuiFormControl-root css-1lq4zch-MuiFormControl-root"
  />
</div>
`;
