// Jest Snapshot v1, https://goo.gl/fbAQLP

exports[`renders consistently 1`] = `
<div>
  <li
    class="MuiButtonBase-root MuiMenuItem-root MuiMenuItem-gutters MuiMenuItem-root MuiMenuItem-gutters css-kk1bwy-MuiButtonBase-root-MuiMenuItem-root"
    role="menuitem"
    tabindex="-1"
    value="1"
  >
    1
    <span
      class="MuiTouchRipple-root css-8je8zh-MuiTouchRipple-root"
    />
  </li>
</div>
`;
