// Jest Snapshot v1, https://goo.gl/fbAQLP

exports[`renders its children 1`] = `
<div>
  <option
    value="1"
  >
    1
  </option>
</div>
`;
