// Jest Snapshot v1, https://goo.gl/fbAQLP

exports[`renders consistently 1`] = `
<div>
  <li
    class="MuiListItem-root MuiListItem-padding MuiListItem-divider makeStyles-item-4 css-1kdod17-MuiListItem-root"
  >
    <div
      class="makeStyles-topDragHandle-7"
    >
      <span
        aria-hidden="true"
        class="material-icons notranslate MuiIcon-root MuiIcon-fontSizeMedium css-kp9ftd-MuiIcon-root"
      >
        drag_handle
      </span>
    </div>
    <div
      class="makeStyles-forms-1"
    />
    <div
      class="makeStyles-controls-3"
    >
      <button
        class="MuiButtonBase-root MuiButton-root MuiButton-text MuiButton-textPrimary MuiButton-sizeSmall MuiButton-textSizeSmall  css-1knaqv7-MuiButtonBase-root-MuiButton-root"
        tabindex="0"
        type="button"
      >
        <span
          aria-hidden="true"
          class="material-icons notranslate MuiIcon-root MuiIcon-fontSizeMedium css-kp9ftd-MuiIcon-root"
        >
          keyboard_arrow_up
        </span>
        <span
          class="MuiTouchRipple-root css-8je8zh-MuiTouchRipple-root"
        />
      </button>
      <button
        class="MuiButtonBase-root MuiButton-root MuiButton-text MuiButton-textPrimary MuiButton-sizeSmall MuiButton-textSizeSmall  css-1knaqv7-MuiButtonBase-root-MuiButton-root"
        tabindex="0"
        type="button"
      >
        <span
          aria-hidden="true"
          class="material-icons notranslate MuiIcon-root MuiIcon-fontSizeMedium css-kp9ftd-MuiIcon-root"
        >
          keyboard_arrow_down
        </span>
        <span
          class="MuiTouchRipple-root css-8je8zh-MuiTouchRipple-root"
        />
      </button>
      <div
        class="makeStyles-spacer-2"
      />
      <button
        class="MuiButtonBase-root MuiButton-root MuiButton-text MuiButton-textSecondary MuiButton-sizeSmall MuiButton-textSizeSmall makeStyles-destroy-9 css-kmxb0e-MuiButtonBase-root-MuiButton-root"
        tabindex="0"
        type="button"
      >
        <span
          aria-hidden="true"
          class="material-icons notranslate MuiIcon-root MuiIcon-fontSizeMedium css-kp9ftd-MuiIcon-root"
        >
          delete_forever
        </span>
        <span
          class="MuiTouchRipple-root css-8je8zh-MuiTouchRipple-root"
        />
      </button>
    </div>
  </li>
</div>
`;
