// Jest Snapshot v1, https://goo.gl/fbAQLP

exports[`renders nothing 1`] = `<div />`;
