// Jest Snapshot v1, https://goo.gl/fbAQLP

exports[`renders with form options fullWidth false 1`] = `
<div>
  <div
    class="MuiFormGroup-root css-dmmspl-MuiFormGroup-root"
  />
</div>
`;

exports[`renders with form options fullWidth true 1`] = `
<div>
  <div
    class="MuiFormGroup-root css-dmmspl-MuiFormGroup-root"
  />
</div>
`;

exports[`renders with no title or description 1`] = `
<div>
  <div
    class="MuiFormGroup-root css-dmmspl-MuiFormGroup-root"
  />
</div>
`;
