// Jest Snapshot v1, https://goo.gl/fbAQLP

exports[`renders with no shrink 1`] = `
<div>
  <label
    class="MuiInputLabel-root MuiInputLabel-animated MuiFormLabel-root MuiFormLabel-colorPrimary css-9npbnl-MuiFormLabel-root-MuiInputLabel-root"
    data-shrink="false"
  />
</div>
`;

exports[`renders with shrink 1`] = `
<div>
  <label
    class="MuiInputLabel-root MuiInputLabel-animated MuiFormLabel-root MuiFormLabel-colorPrimary css-9npbnl-MuiFormLabel-root-MuiInputLabel-root"
    data-shrink="false"
  />
</div>
`;
