// Jest Snapshot v1, https://goo.gl/fbAQLP

exports[`renders its children 1`] = `
<div>
  <label>
    <div
      id="test"
    >
      test
    </div>
  </label>
</div>
`;
