// Jest Snapshot v1, https://goo.gl/fbAQLP

exports[`does not render if no mapped Field is found for type 1`] = `<div />`;
